ERC report (2026-04-29T22:58:40, Encoding UTF8)
Report includes: Errors, Warnings

***** Sheet /
[pin_to_pin]: 类型为 电源输出 和 电源输出 的引脚已连接
    ; error
    @(54.92 mm, 197.38 mm): Symbol #PWR?? 引脚 1 [电源输出, 图线]
    @(47.62 mm, 133.73 mm): Symbol U4 引脚 5 [VOUT, 电源输出, 图线]
[label_dangling]: Label not connected
    ; error
    @(170.00 mm, 30.00 mm): 层次标签 'CCD_PWR_EN'
[label_dangling]: Label not connected
    ; error
    @(170.00 mm, 38.00 mm): 层次标签 'SEQ_U1_EN'
[label_dangling]: Label not connected
    ; error
    @(170.00 mm, 46.00 mm): 层次标签 'SEQ_U3_EN'
[label_dangling]: Label not connected
    ; error
    @(170.00 mm, 54.00 mm): 层次标签 'SEQ_U4_EN'
[label_dangling]: Label not connected
    ; error
    @(170.00 mm, 62.00 mm): 层次标签 'SEQ_U5_EN'
[label_dangling]: Label not connected
    ; error
    @(60.00 mm, 171.19 mm): 全局标签 '+13V'
[label_dangling]: Label not connected
    ; error
    @(170.00 mm, 70.00 mm): 层次标签 'SEQ_U6_EN'
[label_dangling]: Label not connected
    ; error
    @(170.00 mm, 78.00 mm): 层次标签 'SEQ_U9_EN'
[wire_dangling]: Wires not connected to anything
    ; error
    @(60.00 mm, 178.81 mm): 垂直线, 长度 2.38 mm
    @(60.00 mm, 181.19 mm): 线, 长度 12.387 mm
[label_dangling]: Label not connected
    ; error
    @(60.00 mm, 188.81 mm): 全局标签 'AGND'
[label_dangling]: Label not connected
    ; error
    @(60.00 mm, 201.19 mm): 全局标签 '+9V'
[wire_dangling]: Wires not connected to anything
    ; error
    @(60.00 mm, 208.81 mm): 垂直线, 长度 2.38 mm
    @(60.00 mm, 211.19 mm): 线, 长度 12.386 mm
[label_dangling]: Label not connected
    ; error
    @(60.00 mm, 231.19 mm): 全局标签 '+4V'
[wire_dangling]: Wires not connected to anything
    ; error
    @(60.00 mm, 238.81 mm): 垂直线, 长度 2.38 mm
    @(60.00 mm, 241.19 mm): 线, 长度 12.38 mm
[label_dangling]: Label not connected
    ; error
    @(60.00 mm, 248.81 mm): 全局标签 'DGND'
[label_dangling]: Label not connected
    ; error
    @(60.00 mm, 261.19 mm): 全局标签 '+3V'
[wire_dangling]: Wires not connected to anything
    ; error
    @(60.00 mm, 268.81 mm): 垂直线, 长度 2.38 mm
    @(60.00 mm, 271.19 mm): 线, 长度 12.394 mm
[label_dangling]: Label not connected
    ; error
    @(60.00 mm, 291.19 mm): 全局标签 '+2V'
[wire_dangling]: Wires not connected to anything
    ; error
    @(60.00 mm, 298.81 mm): 垂直线, 长度 2.38 mm
    @(60.00 mm, 301.19 mm): 线, 长度 12.382 mm
[label_dangling]: Label not connected
    ; error
    @(60.00 mm, 321.19 mm): 全局标签 '-6V'
[wire_dangling]: Wires not connected to anything
    ; error
    @(60.00 mm, 328.81 mm): 垂直线, 长度 2.38 mm
    @(60.00 mm, 331.19 mm): 线, 长度 12.383 mm
[wire_dangling]: Wires not connected to anything
    ; error
    @(15.00 mm, 26.19 mm): 垂直线, 长度 7.62 mm
    @(15.00 mm, 33.81 mm): 线, 长度 7.396 mm
[wire_dangling]: Wires not connected to anything
    ; error
    @(15.00 mm, 56.19 mm): 垂直线, 长度 7.62 mm
    @(15.00 mm, 63.81 mm): 线, 长度 7.387 mm
[wire_dangling]: Wires not connected to anything
    ; error
    @(75.00 mm, 26.19 mm): 垂直线, 长度 7.62 mm
    @(75.00 mm, 33.81 mm): 线, 长度 7.396 mm
[wire_dangling]: Wires not connected to anything
    ; error
    @(15.00 mm, 86.19 mm): 垂直线, 长度 7.62 mm
    @(15.00 mm, 93.81 mm): 线, 长度 7.382 mm
[wire_dangling]: Wires not connected to anything
    ; error
    @(75.00 mm, 56.19 mm): 垂直线, 长度 7.62 mm
    @(75.00 mm, 63.81 mm): 线, 长度 7.387 mm
[wire_dangling]: Wires not connected to anything
    ; error
    @(75.00 mm, 86.19 mm): 垂直线, 长度 7.62 mm
    @(75.00 mm, 93.81 mm): 线, 长度 7.382 mm
[wire_dangling]: Wires not connected to anything
    ; error
    @(15.00 mm, 116.19 mm): 垂直线, 长度 7.62 mm
    @(15.00 mm, 123.81 mm): 线, 长度 7.406 mm
[label_dangling]: Label not connected
    ; error
    @(130.00 mm, 20.00 mm): 层次标签 'V1_top_in'
[label_dangling]: Label not connected
    ; error
    @(130.00 mm, 25.00 mm): 层次标签 'V1_bot_in'
[label_dangling]: Label not connected
    ; error
    @(130.00 mm, 30.00 mm): 层次标签 'V2_in'
[label_dangling]: Label not connected
    ; error
    @(130.00 mm, 40.00 mm): 层次标签 'H2_top_in'
[label_dangling]: Label not connected
    ; error
    @(130.00 mm, 45.00 mm): 层次标签 'H1_bot_in'
[wire_dangling]: Wires not connected to anything
    ; error
    @(75.00 mm, 116.19 mm): 垂直线, 长度 7.62 mm
    @(75.00 mm, 123.81 mm): 线, 长度 7.406 mm
[label_dangling]: Label not connected
    ; error
    @(130.00 mm, 50.00 mm): 层次标签 'H2_bot_in'
[label_dangling]: Label not connected
    ; error
    @(130.00 mm, 55.00 mm): 层次标签 'RG_top_in'
[label_dangling]: Label not connected
    ; error
    @(130.00 mm, 60.00 mm): 层次标签 'RG_bot_in'
[label_dangling]: Label not connected
    ; error
    @(130.00 mm, 65.00 mm): 层次标签 'H1L_in'
[label_dangling]: Label not connected
    ; error
    @(130.00 mm, 70.00 mm): 层次标签 'V1_top_out'
[label_dangling]: Label not connected
    ; error
    @(130.00 mm, 75.00 mm): 层次标签 'V1_bot_out'
[label_dangling]: Label not connected
    ; error
    @(130.00 mm, 80.00 mm): 层次标签 'V2_out'
[label_dangling]: Label not connected
    ; error
    @(130.00 mm, 85.00 mm): 层次标签 'H1_top_out'
[label_dangling]: Label not connected
    ; error
    @(130.00 mm, 90.00 mm): 层次标签 'H2_top_out'
[label_dangling]: Label not connected
    ; error
    @(130.00 mm, 105.00 mm): 层次标签 'RG_top_out'
[label_dangling]: Label not connected
    ; error
    @(130.00 mm, 110.00 mm): 层次标签 'RG_bot_out'
[label_dangling]: Label not connected
    ; error
    @(130.00 mm, 115.00 mm): 层次标签 'H1L_out'
[label_dangling]: Label not connected
    ; error
    @(30.00 mm, 351.19 mm): 标签 'H2_bot_out'
[label_dangling]: Label not connected
    ; error
    @(180.00 mm, 326.19 mm): 标签 'H1_bot_out'
[wire_dangling]: Wires not connected to anything
    ; error
    @(76.19 mm, 25.00 mm): 线, 长度 11.197 mm
    @(65.00 mm, 25.40 mm): 垂直线, 长度 3.41 mm
[wire_dangling]: Wires not connected to anything
    ; error
    @(76.19 mm, 37.00 mm): 线, 长度 11.191 mm
    @(65.00 mm, 36.83 mm): 垂直线, 长度 3.98 mm
[wire_dangling]: Wires not connected to anything
    ; error
    @(76.19 mm, 49.00 mm): 线, 长度 11.203 mm
    @(65.00 mm, 49.53 mm): 垂直线, 长度 3.28 mm
[label_dangling]: Label not connected
    ; error
    @(65.00 mm, 69.19 mm): 标签 'CCD_PWR_EN'
[wire_dangling]: Wires not connected to anything
    ; error
    @(76.19 mm, 61.00 mm): 线, 长度 11.19 mm
    @(65.00 mm, 60.96 mm): 垂直线, 长度 3.85 mm
[label_dangling]: Label not connected
    ; error
    @(65.00 mm, 81.19 mm): 标签 'NTC_OUT'
[wire_dangling]: Wires not connected to anything
    ; error
    @(76.19 mm, 73.00 mm): 线, 长度 11.207 mm
    @(65.00 mm, 72.39 mm): 垂直线, 长度 4.42 mm
[label_dangling]: Label not connected
    ; error
    @(65.00 mm, 88.81 mm): 全局标签 'AGND'
[wire_dangling]: Wires not connected to anything
    ; error
    @(76.19 mm, 85.00 mm): 线, 长度 18.81 mm
    @(76.20 mm, 103.81 mm): 水平线, 长度 16.20 mm
[label_dangling]: Label not connected
    ; error
    @(130.00 mm, 25.00 mm): 层次标签 'TEC_EN'
[label_dangling]: Label not connected
    ; error
    @(130.00 mm, 30.00 mm): 层次标签 'FAN_PWM'
[label_dangling]: Label not connected
    ; error
    @(130.00 mm, 40.00 mm): 层次标签 'TEC_PWR'
[label_dangling]: Label not connected
    ; error
    @(130.00 mm, 45.00 mm): 层次标签 'FAN_GND'
[label_dangling]: Label not connected
    ; error
    @(90.00 mm, 116.19 mm): 全局标签 '+4V'
[label_dangling]: Label not connected
    ; error
    @(130.00 mm, 20.00 mm): 层次标签 'V1_top_out'
[label_dangling]: Label not connected
    ; error
    @(130.00 mm, 25.00 mm): 层次标签 'V1_bot_out'
[label_dangling]: Label not connected
    ; error
    @(130.00 mm, 30.00 mm): 层次标签 'V2_out'
[label_dangling]: Label not connected
    ; error
    @(130.00 mm, 35.00 mm): 层次标签 'H1_top_out'
[label_dangling]: Label not connected
    ; error
    @(130.00 mm, 40.00 mm): 层次标签 'H2_top_out'
[label_dangling]: Label not connected
    ; error
    @(130.00 mm, 45.00 mm): 层次标签 'H1_bot_out'
[label_dangling]: Label not connected
    ; error
    @(130.00 mm, 50.00 mm): 层次标签 'H2_bot_out'
[label_dangling]: Label not connected
    ; error
    @(130.00 mm, 55.00 mm): 层次标签 'RG_top_out'
[label_dangling]: Label not connected
    ; error
    @(130.00 mm, 60.00 mm): 层次标签 'RG_bot_out'
[label_dangling]: Label not connected
    ; error
    @(130.00 mm, 65.00 mm): 层次标签 'H1L_out'
[label_dangling]: Label not connected
    ; error
    @(130.00 mm, 70.00 mm): 层次标签 'VOUT_a'
[label_dangling]: Label not connected
    ; error
    @(130.00 mm, 75.00 mm): 层次标签 'VOUT_b'
[label_dangling]: Label not connected
    ; error
    @(130.00 mm, 80.00 mm): 层次标签 'VOUT_c'
[label_dangling]: Label not connected
    ; error
    @(130.00 mm, 85.00 mm): 层次标签 'VOUT_d'
[wire_dangling]: Wires not connected to anything
    ; error
    @(142.38 mm, 154.60 mm): 水平线, 长度 15.24 mm
[wire_dangling]: Wires not connected to anything
    ; error
    @(142.38 mm, 159.68 mm): 水平线, 长度 15.24 mm
[wire_dangling]: Wires not connected to anything
    ; error
    @(142.38 mm, 160.95 mm): 水平线, 长度 15.24 mm
[wire_dangling]: Wires not connected to anything
    ; error
    @(142.38 mm, 163.49 mm): 水平线, 长度 15.24 mm
[wire_dangling]: Wires not connected to anything
    ; error
    @(142.38 mm, 164.76 mm): 水平线, 长度 15.24 mm
[wire_dangling]: Wires not connected to anything
    ; error
    @(142.38 mm, 169.84 mm): 水平线, 长度 15.24 mm
[label_dangling]: Label not connected
    ; error
    @(30.00 mm, 283.81 mm): 标签 'VC_DIV'
[label_dangling]: Label not connected
    ; error
    @(60.00 mm, 283.81 mm): 全局标签 'AGND'
[endpoint_off_grid]: Symbol pin or wire end off connection grid
    ; warning
    @(24.92 mm, 187.22 mm): Symbol J2 引脚 1 [Pin_1, 无源, 图线]
[isolated_pin_label]: Label connected to only one pin
    ; warning
    @(24.92 mm, 187.22 mm): 标签 'VOUT_a'
[isolated_pin_label]: Label connected to only one pin
    ; warning
    @(24.92 mm, 192.30 mm): 标签 'VOUT_b'
[isolated_pin_label]: Label connected to only one pin
    ; warning
    @(24.92 mm, 197.38 mm): 标签 'VOUT_c'
[isolated_pin_label]: Label connected to only one pin
    ; warning
    @(24.92 mm, 202.46 mm): 标签 'VOUT_d'
[endpoint_off_grid]: Symbol pin or wire end off connection grid
    ; warning
    @(54.92 mm, 197.38 mm): Symbol J3 引脚 1 [Pin_1, 无源, 图线]
[endpoint_off_grid]: Symbol pin or wire end off connection grid
    ; warning
    @(54.92 mm, 197.38 mm): Symbol #PWR?? 引脚 1 [电源输出, 图线]
[lib_symbol_mismatch]: 符号 '+12V' 与来源库 'power' 中的符号存在差异
    ; warning
    @(54.92 mm, 197.38 mm): 符号 #PWR?? [+12V]
[lib_symbol_issues]: 当前配置不包含符号库 'custom'
    ; warning
    @(30.00 mm, 205.00 mm): 符号 J2 [Conn_01x08]
[isolated_pin_label]: Label connected to only one pin
    ; warning
    @(54.92 mm, 199.92 mm): 标签 'TEC_PWR'
[isolated_pin_label]: Label connected to only one pin
    ; warning
    @(54.92 mm, 205.00 mm): 标签 'FAN_GND'
[lib_symbol_issues]: 当前配置不包含符号库 'custom'
    ; warning
    @(60.00 mm, 205.00 mm): 符号 J3 [Conn_01x04]
[endpoint_off_grid]: Symbol pin or wire end off connection grid
    ; warning
    @(174.92 mm, 157.14 mm): Symbol J1 引脚 1 [Pin_1, 无源, 图线]
[isolated_pin_label]: Label connected to only one pin
    ; warning
    @(174.92 mm, 162.22 mm): 标签 'CCD_PWR_EN'
[isolated_pin_label]: Label connected to only one pin
    ; warning
    @(174.92 mm, 164.76 mm): 标签 'V1_top_in'
[isolated_pin_label]: Label connected to only one pin
    ; warning
    @(174.92 mm, 167.30 mm): 标签 'V2_in'
[isolated_pin_label]: Label connected to only one pin
    ; warning
    @(174.92 mm, 169.84 mm): 标签 'H1_top_in'
[isolated_pin_label]: Label connected to only one pin
    ; warning
    @(174.92 mm, 172.38 mm): 标签 'H1_bot_in'
[isolated_pin_label]: Label connected to only one pin
    ; warning
    @(174.92 mm, 174.92 mm): 标签 'RG_top_in'
[isolated_pin_label]: Label connected to only one pin
    ; warning
    @(187.62 mm, 162.22 mm): 标签 'TEC_EN'
[isolated_pin_label]: Label connected to only one pin
    ; warning
    @(174.92 mm, 177.46 mm): 标签 'H1L_in'
[isolated_pin_label]: Label connected to only one pin
    ; warning
    @(187.62 mm, 164.76 mm): 标签 'V1_bot_in'
[isolated_pin_label]: Label connected to only one pin
    ; warning
    @(174.92 mm, 180.00 mm): 标签 'NTC_OUT'
[isolated_pin_label]: Label connected to only one pin
    ; warning
    @(187.62 mm, 169.84 mm): 标签 'H2_top_in'
[lib_symbol_issues]: 当前配置不包含符号库 'custom'
    ; warning
    @(180.00 mm, 180.00 mm): 符号 J1 [Conn_02x10_Odd_Even]
[isolated_pin_label]: Label connected to only one pin
    ; warning
    @(187.62 mm, 172.38 mm): 标签 'H2_bot_in'
[isolated_pin_label]: Label connected to only one pin
    ; warning
    @(187.62 mm, 174.92 mm): 标签 'RG_bot_in'
[isolated_pin_label]: Label connected to only one pin
    ; warning
    @(187.62 mm, 177.46 mm): 标签 'FAN_PWM'
[endpoint_off_grid]: Symbol pin or wire end off connection grid
    ; warning
    @(20.00 mm, 26.19 mm): Symbol C1 引脚 1 [1, 无源, 图线]
[lib_symbol_mismatch]: 符号 'C' 与来源库 'Device' 中的符号存在差异
    ; warning
    @(20.00 mm, 30.00 mm): 符号 C1 [C]
[endpoint_off_grid]: Symbol pin or wire end off connection grid
    ; warning
    @(32.38 mm, 27.46 mm): Symbol U1 引脚 1 [EN, 输入, 图线]
[lib_symbol_issues]: 当前配置不包含符号库 'custom'
    ; warning
    @(40.00 mm, 30.00 mm): 符号 U1 [FP6277]
[endpoint_off_grid]: Symbol pin or wire end off connection grid
    ; warning
    @(20.00 mm, 61.19 mm): Symbol C2 引脚 1 [1, 无源, 图线]
[lib_symbol_mismatch]: 符号 'C' 与来源库 'Device' 中的符号存在差异
    ; warning
    @(20.00 mm, 65.00 mm): 符号 C2 [C]
[endpoint_off_grid]: Symbol pin or wire end off connection grid
    ; warning
    @(65.00 mm, 26.19 mm): Symbol L1 引脚 1 [1, 无源, 图线]
[endpoint_off_grid]: Symbol pin or wire end off connection grid
    ; warning
    @(32.38 mm, 62.46 mm): Symbol U2 引脚 1 [EN, 输入, 图线]
[lib_symbol_mismatch]: 符号 'L' 与来源库 'Device' 中的符号存在差异
    ; warning
    @(65.00 mm, 30.00 mm): 符号 L1 [L]
[lib_symbol_issues]: 当前配置不包含符号库 'custom'
    ; warning
    @(40.00 mm, 65.00 mm): 符号 U2 [FP6276]
[endpoint_off_grid]: Symbol pin or wire end off connection grid
    ; warning
    @(65.00 mm, 61.19 mm): Symbol L2 引脚 1 [1, 无源, 图线]
[lib_symbol_mismatch]: 符号 'L' 与来源库 'Device' 中的符号存在差异
    ; warning
    @(65.00 mm, 65.00 mm): 符号 L2 [L]
[endpoint_off_grid]: Symbol pin or wire end off connection grid
    ; warning
    @(20.00 mm, 96.19 mm): Symbol C3 引脚 1 [1, 无源, 图线]
[lib_symbol_mismatch]: 符号 'C' 与来源库 'Device' 中的符号存在差异
    ; warning
    @(20.00 mm, 100.00 mm): 符号 C3 [C]
[endpoint_off_grid]: Symbol pin or wire end off connection grid
    ; warning
    @(32.38 mm, 97.46 mm): Symbol U3 引脚 1 [EN, 输入, 图线]
[lib_symbol_issues]: 当前配置不包含符号库 'custom'
    ; warning
    @(40.00 mm, 100.00 mm): 符号 U3 [ME2802]
[endpoint_off_grid]: Symbol pin or wire end off connection grid
    ; warning
    @(65.00 mm, 96.19 mm): Symbol L3 引脚 1 [1, 无源, 图线]
[lib_symbol_mismatch]: 符号 'L' 与来源库 'Device' 中的符号存在差异
    ; warning
    @(65.00 mm, 100.00 mm): 符号 L3 [L]
[endpoint_off_grid]: Symbol pin or wire end off connection grid
    ; warning
    @(20.00 mm, 131.19 mm): Symbol C4 引脚 1 [1, 无源, 图线]
[endpoint_off_grid]: Symbol pin or wire end off connection grid
    ; warning
    @(32.38 mm, 132.46 mm): Symbol U4 引脚 1 [EN, 输入, 图线]
[lib_symbol_mismatch]: 符号 'C' 与来源库 'Device' 中的符号存在差异
    ; warning
    @(20.00 mm, 135.00 mm): 符号 C4 [C]
[lib_symbol_issues]: 当前配置不包含符号库 'custom'
    ; warning
    @(40.00 mm, 135.00 mm): 符号 U4 [SY7208]
[endpoint_off_grid]: Symbol pin or wire end off connection grid
    ; warning
    @(65.00 mm, 131.19 mm): Symbol L4 引脚 1 [1, 无源, 图线]
[lib_symbol_mismatch]: 符号 'L' 与来源库 'Device' 中的符号存在差异
    ; warning
    @(65.00 mm, 135.00 mm): 符号 L4 [L]
[endpoint_off_grid]: Symbol pin or wire end off connection grid
    ; warning
    @(20.00 mm, 176.19 mm): Symbol C5 引脚 1 [1, 无源, 图线]
[endpoint_off_grid]: Symbol pin or wire end off connection grid
    ; warning
    @(32.38 mm, 177.46 mm): Symbol U5 引脚 1 [VIN, 电源输入, 图线]
[lib_symbol_mismatch]: 符号 'C' 与来源库 'Device' 中的符号存在差异
    ; warning
    @(20.00 mm, 180.00 mm): 符号 C5 [C]
[endpoint_off_grid]: Symbol pin or wire end off connection grid
    ; warning
    @(60.00 mm, 172.46 mm): Symbol R1 引脚 1 [1, 无源, 图线]
[lib_symbol_issues]: 当前配置不包含符号库 'custom'
    ; warning
    @(40.00 mm, 180.00 mm): 符号 U5 [RT9193-ADJ]
[lib_symbol_mismatch]: 符号 'R' 与来源库 'Device' 中的符号存在差异
    ; warning
    @(60.00 mm, 175.00 mm): 符号 R1 [R]
[endpoint_off_grid]: Symbol pin or wire end off connection grid
    ; warning
    @(47.62 mm, 181.61 mm): 垂直线, 长度 1.61 mm
[endpoint_off_grid]: Symbol pin or wire end off connection grid
    ; warning
    @(60.00 mm, 178.81 mm): 垂直线, 长度 2.38 mm
[unconnected_wire_endpoint]: 未连接的连线端点
    ; warning
    @(60.00 mm, 178.81 mm): 垂直线, 长度 2.38 mm
[endpoint_off_grid]: Symbol pin or wire end off connection grid
    ; warning
    @(60.00 mm, 181.19 mm): 线, 长度 12.387 mm
[endpoint_off_grid]: Symbol pin or wire end off connection grid
    ; warning
    @(60.00 mm, 182.46 mm): Symbol R2 引脚 1 [1, 无源, 图线]
[lib_symbol_mismatch]: 符号 'R' 与来源库 'Device' 中的符号存在差异
    ; warning
    @(60.00 mm, 185.00 mm): 符号 R2 [R]
[endpoint_off_grid]: Symbol pin or wire end off connection grid
    ; warning
    @(20.00 mm, 206.19 mm): Symbol C6 引脚 1 [1, 无源, 图线]
[endpoint_off_grid]: Symbol pin or wire end off connection grid
    ; warning
    @(32.38 mm, 207.46 mm): Symbol U6 引脚 1 [VIN, 电源输入, 图线]
[lib_symbol_mismatch]: 符号 'C' 与来源库 'Device' 中的符号存在差异
    ; warning
    @(20.00 mm, 210.00 mm): 符号 C6 [C]
[endpoint_off_grid]: Symbol pin or wire end off connection grid
    ; warning
    @(60.00 mm, 202.46 mm): Symbol R3 引脚 1 [1, 无源, 图线]
[lib_symbol_mismatch]: 符号 'R' 与来源库 'Device' 中的符号存在差异
    ; warning
    @(60.00 mm, 205.00 mm): 符号 R3 [R]
[lib_symbol_issues]: 当前配置不包含符号库 'custom'
    ; warning
    @(40.00 mm, 210.00 mm): 符号 U6 [RT9193-ADJ]
[endpoint_off_grid]: Symbol pin or wire end off connection grid
    ; warning
    @(47.62 mm, 210.82 mm): 垂直线, 长度 0.82 mm
[endpoint_off_grid]: Symbol pin or wire end off connection grid
    ; warning
    @(60.00 mm, 208.81 mm): 垂直线, 长度 2.38 mm
[unconnected_wire_endpoint]: 未连接的连线端点
    ; warning
    @(60.00 mm, 208.81 mm): 垂直线, 长度 2.38 mm
[endpoint_off_grid]: Symbol pin or wire end off connection grid
    ; warning
    @(60.00 mm, 211.19 mm): 线, 长度 12.386 mm
[endpoint_off_grid]: Symbol pin or wire end off connection grid
    ; warning
    @(60.00 mm, 212.46 mm): Symbol R4 引脚 1 [1, 无源, 图线]
[lib_symbol_mismatch]: 符号 'R' 与来源库 'Device' 中的符号存在差异
    ; warning
    @(60.00 mm, 215.00 mm): 符号 R4 [R]
[endpoint_off_grid]: Symbol pin or wire end off connection grid
    ; warning
    @(20.00 mm, 236.19 mm): Symbol C7 引脚 1 [1, 无源, 图线]
[endpoint_off_grid]: Symbol pin or wire end off connection grid
    ; warning
    @(32.38 mm, 237.46 mm): Symbol U7 引脚 1 [VIN, 电源输入, 图线]
[endpoint_off_grid]: Symbol pin or wire end off connection grid
    ; warning
    @(60.00 mm, 232.46 mm): Symbol R5 引脚 1 [1, 无源, 图线]
[lib_symbol_mismatch]: 符号 'C' 与来源库 'Device' 中的符号存在差异
    ; warning
    @(20.00 mm, 240.00 mm): 符号 C7 [C]
[lib_symbol_mismatch]: 符号 'R' 与来源库 'Device' 中的符号存在差异
    ; warning
    @(60.00 mm, 235.00 mm): 符号 R5 [R]
[lib_symbol_issues]: 当前配置不包含符号库 'custom'
    ; warning
    @(40.00 mm, 240.00 mm): 符号 U7 [RT9193-ADJ]
[endpoint_off_grid]: Symbol pin or wire end off connection grid
    ; warning
    @(47.62 mm, 241.30 mm): 垂直线, 长度 1.30 mm
[endpoint_off_grid]: Symbol pin or wire end off connection grid
    ; warning
    @(60.00 mm, 238.81 mm): 垂直线, 长度 2.38 mm
[unconnected_wire_endpoint]: 未连接的连线端点
    ; warning
    @(60.00 mm, 238.81 mm): 垂直线, 长度 2.38 mm
[endpoint_off_grid]: Symbol pin or wire end off connection grid
    ; warning
    @(60.00 mm, 241.19 mm): 线, 长度 12.38 mm
[endpoint_off_grid]: Symbol pin or wire end off connection grid
    ; warning
    @(60.00 mm, 242.46 mm): Symbol R6 引脚 1 [1, 无源, 图线]
[lib_symbol_mismatch]: 符号 'R' 与来源库 'Device' 中的符号存在差异
    ; warning
    @(60.00 mm, 245.00 mm): 符号 R6 [R]
[endpoint_off_grid]: Symbol pin or wire end off connection grid
    ; warning
    @(20.00 mm, 266.19 mm): Symbol C8 引脚 1 [1, 无源, 图线]
[endpoint_off_grid]: Symbol pin or wire end off connection grid
    ; warning
    @(60.00 mm, 262.46 mm): Symbol R7 引脚 1 [1, 无源, 图线]
[endpoint_off_grid]: Symbol pin or wire end off connection grid
    ; warning
    @(32.38 mm, 267.46 mm): Symbol U8 引脚 1 [VIN, 电源输入, 图线]
[lib_symbol_mismatch]: 符号 'C' 与来源库 'Device' 中的符号存在差异
    ; warning
    @(20.00 mm, 270.00 mm): 符号 C8 [C]
[lib_symbol_mismatch]: 符号 'R' 与来源库 'Device' 中的符号存在差异
    ; warning
    @(60.00 mm, 265.00 mm): 符号 R7 [R]
[lib_symbol_issues]: 当前配置不包含符号库 'custom'
    ; warning
    @(40.00 mm, 270.00 mm): 符号 U8 [RT9193-ADJ]
[endpoint_off_grid]: Symbol pin or wire end off connection grid
    ; warning
    @(60.00 mm, 268.81 mm): 垂直线, 长度 2.38 mm
[unconnected_wire_endpoint]: 未连接的连线端点
    ; warning
    @(60.00 mm, 268.81 mm): 垂直线, 长度 2.38 mm
[endpoint_off_grid]: Symbol pin or wire end off connection grid
    ; warning
    @(47.62 mm, 271.78 mm): 垂直线, 长度 1.78 mm
[endpoint_off_grid]: Symbol pin or wire end off connection grid
    ; warning
    @(60.00 mm, 271.19 mm): 线, 长度 12.394 mm
[endpoint_off_grid]: Symbol pin or wire end off connection grid
    ; warning
    @(60.00 mm, 272.46 mm): Symbol R8 引脚 1 [1, 无源, 图线]
[lib_symbol_mismatch]: 符号 'R' 与来源库 'Device' 中的符号存在差异
    ; warning
    @(60.00 mm, 275.00 mm): 符号 R8 [R]
[endpoint_off_grid]: Symbol pin or wire end off connection grid
    ; warning
    @(20.00 mm, 296.19 mm): Symbol C9 引脚 1 [1, 无源, 图线]
[endpoint_off_grid]: Symbol pin or wire end off connection grid
    ; warning
    @(60.00 mm, 292.46 mm): Symbol R9 引脚 1 [1, 无源, 图线]
[endpoint_off_grid]: Symbol pin or wire end off connection grid
    ; warning
    @(32.38 mm, 297.46 mm): Symbol U9 引脚 1 [VIN, 电源输入, 图线]
[lib_symbol_mismatch]: 符号 'C' 与来源库 'Device' 中的符号存在差异
    ; warning
    @(20.00 mm, 300.00 mm): 符号 C9 [C]
[lib_symbol_mismatch]: 符号 'R' 与来源库 'Device' 中的符号存在差异
    ; warning
    @(60.00 mm, 295.00 mm): 符号 R9 [R]
[lib_symbol_issues]: 当前配置不包含符号库 'custom'
    ; warning
    @(40.00 mm, 300.00 mm): 符号 U9 [RT9193-ADJ]
[endpoint_off_grid]: Symbol pin or wire end off connection grid
    ; warning
    @(47.62 mm, 300.99 mm): 垂直线, 长度 0.99 mm
[endpoint_off_grid]: Symbol pin or wire end off connection grid
    ; warning
    @(60.00 mm, 298.81 mm): 垂直线, 长度 2.38 mm
[unconnected_wire_endpoint]: 未连接的连线端点
    ; warning
    @(60.00 mm, 298.81 mm): 垂直线, 长度 2.38 mm
[endpoint_off_grid]: Symbol pin or wire end off connection grid
    ; warning
    @(60.00 mm, 301.19 mm): 线, 长度 12.382 mm
[endpoint_off_grid]: Symbol pin or wire end off connection grid
    ; warning
    @(60.00 mm, 302.46 mm): Symbol R10 引脚 1 [1, 无源, 图线]
[lib_symbol_mismatch]: 符号 'R' 与来源库 'Device' 中的符号存在差异
    ; warning
    @(60.00 mm, 305.00 mm): 符号 R10 [R]
[endpoint_off_grid]: Symbol pin or wire end off connection grid
    ; warning
    @(20.00 mm, 326.19 mm): Symbol C41 引脚 1 [1, 无源, 图线]
[endpoint_off_grid]: Symbol pin or wire end off connection grid
    ; warning
    @(20.00 mm, 326.19 mm): Symbol C42 引脚 1 [1, 无源, 图线]
[endpoint_off_grid]: Symbol pin or wire end off connection grid
    ; warning
    @(60.00 mm, 322.46 mm): Symbol R37 引脚 1 [1, 无源, 图线]
[endpoint_off_grid]: Symbol pin or wire end off connection grid
    ; warning
    @(32.38 mm, 327.46 mm): Symbol U21 引脚 1 [VIN, 电源输入, 图线]
[lib_symbol_mismatch]: 符号 'R' 与来源库 'Device' 中的符号存在差异
    ; warning
    @(60.00 mm, 325.00 mm): 符号 R37 [R]
[lib_symbol_mismatch]: 符号 'C' 与来源库 'Device' 中的符号存在差异
    ; warning
    @(20.00 mm, 330.00 mm): 符号 C41 [C]
[lib_symbol_mismatch]: 符号 'C' 与来源库 'Device' 中的符号存在差异
    ; warning
    @(20.00 mm, 330.00 mm): 符号 C42 [C]
[lib_symbol_issues]: 当前配置不包含符号库 'custom'
    ; warning
    @(40.00 mm, 330.00 mm): 符号 U21 [RT9193-ADJ]
[endpoint_off_grid]: Symbol pin or wire end off connection grid
    ; warning
    @(60.00 mm, 328.81 mm): 垂直线, 长度 2.38 mm
[unconnected_wire_endpoint]: 未连接的连线端点
    ; warning
    @(60.00 mm, 328.81 mm): 垂直线, 长度 2.38 mm
[endpoint_off_grid]: Symbol pin or wire end off connection grid
    ; warning
    @(47.62 mm, 331.47 mm): 垂直线, 长度 1.47 mm
[endpoint_off_grid]: Symbol pin or wire end off connection grid
    ; warning
    @(60.00 mm, 331.19 mm): 线, 长度 12.383 mm
[endpoint_off_grid]: Symbol pin or wire end off connection grid
    ; warning
    @(60.00 mm, 332.46 mm): Symbol R38 引脚 1 [1, 无源, 图线]
[lib_symbol_mismatch]: 符号 'R' 与来源库 'Device' 中的符号存在差异
    ; warning
    @(60.00 mm, 335.00 mm): 符号 R38 [R]
[endpoint_off_grid]: Symbol pin or wire end off connection grid
    ; warning
    @(15.00 mm, 26.19 mm): 垂直线, 长度 7.62 mm
[unconnected_wire_endpoint]: 未连接的连线端点
    ; warning
    @(15.00 mm, 26.19 mm): 垂直线, 长度 7.62 mm
[endpoint_off_grid]: Symbol pin or wire end off connection grid
    ; warning
    @(15.00 mm, 27.46 mm): Symbol R13 引脚 1 [1, 无源, 图线]
[lib_symbol_mismatch]: 符号 'R' 与来源库 'Device' 中的符号存在差异
    ; warning
    @(15.00 mm, 30.00 mm): 符号 R13 [R]
[endpoint_off_grid]: Symbol pin or wire end off connection grid
    ; warning
    @(22.38 mm, 26.19 mm): Symbol U10 引脚 1 [IN, 输入, 图线]
[endpoint_off_grid]: Symbol pin or wire end off connection grid
    ; warning
    @(15.00 mm, 33.81 mm): 线, 长度 7.396 mm
[endpoint_off_grid]: Symbol pin or wire end off connection grid
    ; warning
    @(22.38 mm, 34.29 mm): 垂直线, 长度 5.56 mm
[lib_symbol_issues]: 当前配置不包含符号库 'custom'
    ; warning
    @(30.00 mm, 30.00 mm): 符号 U10 [EL7156]
[endpoint_off_grid]: Symbol pin or wire end off connection grid
    ; warning
    @(50.00 mm, 21.19 mm): Symbol #PWR?? 引脚 1 [电源输出, 图线]
[endpoint_off_grid]: Symbol pin or wire end off connection grid
    ; warning
    @(50.00 mm, 21.19 mm): Symbol C19 引脚 1 [1, 无源, 图线]
[lib_symbol_issues]: 在符号库中 '+3V' 找不到符号 'power'
    ; warning
    @(50.00 mm, 21.19 mm): 符号 #PWR?? [+3V]
[lib_symbol_mismatch]: 符号 'C' 与来源库 'Device' 中的符号存在差异
    ; warning
    @(50.00 mm, 25.00 mm): 符号 C19 [C]
[endpoint_off_grid]: Symbol pin or wire end off connection grid
    ; warning
    @(15.00 mm, 56.19 mm): 垂直线, 长度 7.62 mm
[unconnected_wire_endpoint]: 未连接的连线端点
    ; warning
    @(15.00 mm, 56.19 mm): 垂直线, 长度 7.62 mm
[endpoint_off_grid]: Symbol pin or wire end off connection grid
    ; warning
    @(50.00 mm, 31.19 mm): Symbol #PWR?? 引脚 1 [电源输出, 图线]
[endpoint_off_grid]: Symbol pin or wire end off connection grid
    ; warning
    @(50.00 mm, 31.19 mm): Symbol C20 引脚 1 [1, 无源, 图线]
[lib_symbol_mismatch]: 符号 '-9V' 与来源库 'power' 中的符号存在差异
    ; warning
    @(50.00 mm, 31.19 mm): 符号 #PWR?? [-9V]
[endpoint_off_grid]: Symbol pin or wire end off connection grid
    ; warning
    @(15.00 mm, 57.46 mm): Symbol R15 引脚 1 [1, 无源, 图线]
[endpoint_off_grid]: Symbol pin or wire end off connection grid
    ; warning
    @(22.38 mm, 56.19 mm): Symbol U12 引脚 1 [IN, 输入, 图线]
[lib_symbol_mismatch]: 符号 'C' 与来源库 'Device' 中的符号存在差异
    ; warning
    @(50.00 mm, 35.00 mm): 符号 C20 [C]
[lib_symbol_mismatch]: 符号 'R' 与来源库 'Device' 中的符号存在差异
    ; warning
    @(15.00 mm, 60.00 mm): 符号 R15 [R]
[endpoint_off_grid]: Symbol pin or wire end off connection grid
    ; warning
    @(15.00 mm, 63.81 mm): 线, 长度 7.387 mm
[lib_symbol_issues]: 当前配置不包含符号库 'custom'
    ; warning
    @(30.00 mm, 60.00 mm): 符号 U12 [EL7156]
[endpoint_off_grid]: Symbol pin or wire end off connection grid
    ; warning
    @(22.38 mm, 63.50 mm): 垂直线, 长度 4.77 mm
[endpoint_off_grid]: Symbol pin or wire end off connection grid
    ; warning
    @(50.00 mm, 51.19 mm): Symbol C23 引脚 1 [1, 无源, 图线]
[lib_symbol_mismatch]: 符号 'C' 与来源库 'Device' 中的符号存在差异
    ; warning
    @(50.00 mm, 55.00 mm): 符号 C23 [C]
[endpoint_off_grid]: Symbol pin or wire end off connection grid
    ; warning
    @(50.00 mm, 61.19 mm): Symbol C24 引脚 1 [1, 无源, 图线]
[endpoint_off_grid]: Symbol pin or wire end off connection grid
    ; warning
    @(75.00 mm, 26.19 mm): 垂直线, 长度 7.62 mm
[unconnected_wire_endpoint]: 未连接的连线端点
    ; warning
    @(75.00 mm, 26.19 mm): 垂直线, 长度 7.62 mm
[endpoint_off_grid]: Symbol pin or wire end off connection grid
    ; warning
    @(75.00 mm, 27.46 mm): Symbol R14 引脚 1 [1, 无源, 图线]
[lib_symbol_mismatch]: 符号 'R' 与来源库 'Device' 中的符号存在差异
    ; warning
    @(75.00 mm, 30.00 mm): 符号 R14 [R]
[lib_symbol_mismatch]: 符号 'C' 与来源库 'Device' 中的符号存在差异
    ; warning
    @(50.00 mm, 65.00 mm): 符号 C24 [C]
[endpoint_off_grid]: Symbol pin or wire end off connection grid
    ; warning
    @(75.00 mm, 33.81 mm): 线, 长度 7.396 mm
[endpoint_off_grid]: Symbol pin or wire end off connection grid
    ; warning
    @(82.38 mm, 26.19 mm): Symbol U11 引脚 1 [IN, 输入, 图线]
[endpoint_off_grid]: Symbol pin or wire end off connection grid
    ; warning
    @(15.00 mm, 86.19 mm): 垂直线, 长度 7.62 mm
[unconnected_wire_endpoint]: 未连接的连线端点
    ; warning
    @(15.00 mm, 86.19 mm): 垂直线, 长度 7.62 mm
[endpoint_off_grid]: Symbol pin or wire end off connection grid
    ; warning
    @(15.00 mm, 87.46 mm): Symbol R17 引脚 1 [1, 无源, 图线]
[endpoint_off_grid]: Symbol pin or wire end off connection grid
    ; warning
    @(22.38 mm, 86.19 mm): Symbol U14 引脚 1 [IN, 输入, 图线]
[endpoint_off_grid]: Symbol pin or wire end off connection grid
    ; warning
    @(82.38 mm, 34.29 mm): 垂直线, 长度 5.56 mm
[lib_symbol_mismatch]: 符号 'R' 与来源库 'Device' 中的符号存在差异
    ; warning
    @(15.00 mm, 90.00 mm): 符号 R17 [R]
[endpoint_off_grid]: Symbol pin or wire end off connection grid
    ; warning
    @(75.00 mm, 56.19 mm): 垂直线, 长度 7.62 mm
[unconnected_wire_endpoint]: 未连接的连线端点
    ; warning
    @(75.00 mm, 56.19 mm): 垂直线, 长度 7.62 mm
[endpoint_off_grid]: Symbol pin or wire end off connection grid
    ; warning
    @(75.00 mm, 57.46 mm): Symbol R16 引脚 1 [1, 无源, 图线]
[lib_symbol_issues]: 当前配置不包含符号库 'custom'
    ; warning
    @(30.00 mm, 90.00 mm): 符号 U14 [EL7156]
[endpoint_off_grid]: Symbol pin or wire end off connection grid
    ; warning
    @(15.00 mm, 93.81 mm): 线, 长度 7.382 mm
[endpoint_off_grid]: Symbol pin or wire end off connection grid
    ; warning
    @(50.00 mm, 81.19 mm): Symbol C27 引脚 1 [1, 无源, 图线]
[lib_symbol_mismatch]: 符号 'R' 与来源库 'Device' 中的符号存在差异
    ; warning
    @(75.00 mm, 60.00 mm): 符号 R16 [R]
[endpoint_off_grid]: Symbol pin or wire end off connection grid
    ; warning
    @(22.38 mm, 93.98 mm): 垂直线, 长度 5.25 mm
[endpoint_off_grid]: Symbol pin or wire end off connection grid
    ; warning
    @(75.00 mm, 63.81 mm): 线, 长度 7.387 mm
[lib_symbol_mismatch]: 符号 'C' 与来源库 'Device' 中的符号存在差异
    ; warning
    @(50.00 mm, 85.00 mm): 符号 C27 [C]
[endpoint_off_grid]: Symbol pin or wire end off connection grid
    ; warning
    @(82.38 mm, 56.19 mm): Symbol U13 引脚 1 [IN, 输入, 图线]
[endpoint_off_grid]: Symbol pin or wire end off connection grid
    ; warning
    @(50.00 mm, 91.19 mm): Symbol C28 引脚 1 [1, 无源, 图线]
[endpoint_off_grid]: Symbol pin or wire end off connection grid
    ; warning
    @(82.38 mm, 63.50 mm): 垂直线, 长度 4.77 mm
[lib_symbol_mismatch]: 符号 'C' 与来源库 'Device' 中的符号存在差异
    ; warning
    @(50.00 mm, 95.00 mm): 符号 C28 [C]
[lib_symbol_issues]: 当前配置不包含符号库 'custom'
    ; warning
    @(90.00 mm, 60.00 mm): 符号 U13 [EL7156]
[endpoint_off_grid]: Symbol pin or wire end off connection grid
    ; warning
    @(110.00 mm, 21.19 mm): Symbol C21 引脚 1 [1, 无源, 图线]
[lib_symbol_mismatch]: 符号 'C' 与来源库 'Device' 中的符号存在差异
    ; warning
    @(110.00 mm, 25.00 mm): 符号 C21 [C]
[endpoint_off_grid]: Symbol pin or wire end off connection grid
    ; warning
    @(75.00 mm, 86.19 mm): 垂直线, 长度 7.62 mm
[unconnected_wire_endpoint]: 未连接的连线端点
    ; warning
    @(75.00 mm, 86.19 mm): 垂直线, 长度 7.62 mm
[endpoint_off_grid]: Symbol pin or wire end off connection grid
    ; warning
    @(110.00 mm, 31.19 mm): Symbol C22 引脚 1 [1, 无源, 图线]
[endpoint_off_grid]: Symbol pin or wire end off connection grid
    ; warning
    @(75.00 mm, 87.46 mm): Symbol R18 引脚 1 [1, 无源, 图线]
[lib_symbol_mismatch]: 符号 'C' 与来源库 'Device' 中的符号存在差异
    ; warning
    @(110.00 mm, 35.00 mm): 符号 C22 [C]
[lib_symbol_mismatch]: 符号 'R' 与来源库 'Device' 中的符号存在差异
    ; warning
    @(75.00 mm, 90.00 mm): 符号 R18 [R]
[endpoint_off_grid]: Symbol pin or wire end off connection grid
    ; warning
    @(15.00 mm, 116.19 mm): 垂直线, 长度 7.62 mm
[unconnected_wire_endpoint]: 未连接的连线端点
    ; warning
    @(15.00 mm, 116.19 mm): 垂直线, 长度 7.62 mm
[endpoint_off_grid]: Symbol pin or wire end off connection grid
    ; warning
    @(22.38 mm, 116.19 mm): Symbol U16 引脚 1 [IN, 输入, 图线]
[endpoint_off_grid]: Symbol pin or wire end off connection grid
    ; warning
    @(15.00 mm, 117.46 mm): Symbol R19 引脚 1 [1, 无源, 图线]
[endpoint_off_grid]: Symbol pin or wire end off connection grid
    ; warning
    @(82.38 mm, 86.19 mm): Symbol U15 引脚 1 [IN, 输入, 图线]
[endpoint_off_grid]: Symbol pin or wire end off connection grid
    ; warning
    @(75.00 mm, 93.81 mm): 线, 长度 7.382 mm
[lib_symbol_mismatch]: 符号 'R' 与来源库 'Device' 中的符号存在差异
    ; warning
    @(15.00 mm, 120.00 mm): 符号 R19 [R]
[endpoint_off_grid]: Symbol pin or wire end off connection grid
    ; warning
    @(110.00 mm, 51.19 mm): Symbol C25 引脚 1 [1, 无源, 图线]
[endpoint_off_grid]: Symbol pin or wire end off connection grid
    ; warning
    @(110.00 mm, 51.19 mm): Symbol #PWR?? 引脚 1 [电源输出, 图线]
[lib_symbol_mismatch]: 符号 '+4V' 与来源库 'power' 中的符号存在差异
    ; warning
    @(110.00 mm, 51.19 mm): 符号 #PWR?? [+4V]
[endpoint_off_grid]: Symbol pin or wire end off connection grid
    ; warning
    @(50.00 mm, 111.19 mm): Symbol C31 引脚 1 [1, 无源, 图线]
[endpoint_off_grid]: Symbol pin or wire end off connection grid
    ; warning
    @(120.00 mm, 26.19 mm): Symbol C39 引脚 1 [1, 无源, 图线]
[lib_symbol_mismatch]: 符号 'C' 与来源库 'Device' 中的符号存在差异
    ; warning
    @(110.00 mm, 55.00 mm): 符号 C25 [C]
[lib_symbol_issues]: 当前配置不包含符号库 'custom'
    ; warning
    @(30.00 mm, 120.00 mm): 符号 U16 [EL7156]
[endpoint_off_grid]: Symbol pin or wire end off connection grid
    ; warning
    @(15.00 mm, 123.81 mm): 线, 长度 7.406 mm
[endpoint_off_grid]: Symbol pin or wire end off connection grid
    ; warning
    @(82.38 mm, 93.98 mm): 垂直线, 长度 5.25 mm
[endpoint_off_grid]: Symbol pin or wire end off connection grid
    ; warning
    @(22.38 mm, 123.19 mm): 垂直线, 长度 4.46 mm
[lib_symbol_mismatch]: 符号 'C' 与来源库 'Device' 中的符号存在差异
    ; warning
    @(50.00 mm, 115.00 mm): 符号 C31 [C]
[endpoint_off_grid]: Symbol pin or wire end off connection grid
    ; warning
    @(110.00 mm, 61.19 mm): Symbol #PWR?? 引脚 1 [电源输出, 图线]
[endpoint_off_grid]: Symbol pin or wire end off connection grid
    ; warning
    @(110.00 mm, 61.19 mm): Symbol C26 引脚 1 [1, 无源, 图线]
[lib_symbol_issues]: 在符号库中 '-4V' 找不到符号 'power'
    ; warning
    @(110.00 mm, 61.19 mm): 符号 #PWR?? [-4V]
[lib_symbol_issues]: 当前配置不包含符号库 'custom'
    ; warning
    @(90.00 mm, 90.00 mm): 符号 U15 [EL7156]
[lib_symbol_mismatch]: 符号 'C' 与来源库 'Device' 中的符号存在差异
    ; warning
    @(110.00 mm, 65.00 mm): 符号 C26 [C]
[endpoint_off_grid]: Symbol pin or wire end off connection grid
    ; warning
    @(50.00 mm, 121.19 mm): Symbol C32 引脚 1 [1, 无源, 图线]
[lib_symbol_mismatch]: 符号 'C' 与来源库 'Device' 中的符号存在差异
    ; warning
    @(50.00 mm, 125.00 mm): 符号 C32 [C]
[endpoint_off_grid]: Symbol pin or wire end off connection grid
    ; warning
    @(110.00 mm, 81.19 mm): Symbol #PWR?? 引脚 1 [电源输出, 图线]
[endpoint_off_grid]: Symbol pin or wire end off connection grid
    ; warning
    @(110.00 mm, 81.19 mm): Symbol C29 引脚 1 [1, 无源, 图线]
[lib_symbol_mismatch]: 符号 '+12V' 与来源库 'power' 中的符号存在差异
    ; warning
    @(110.00 mm, 81.19 mm): 符号 #PWR?? [+12V]
[endpoint_off_grid]: Symbol pin or wire end off connection grid
    ; warning
    @(75.00 mm, 116.19 mm): 垂直线, 长度 7.62 mm
[unconnected_wire_endpoint]: 未连接的连线端点
    ; warning
    @(75.00 mm, 116.19 mm): 垂直线, 长度 7.62 mm
[lib_symbol_mismatch]: 符号 'C' 与来源库 'Device' 中的符号存在差异
    ; warning
    @(110.00 mm, 85.00 mm): 符号 C29 [C]
[endpoint_off_grid]: Symbol pin or wire end off connection grid
    ; warning
    @(75.00 mm, 117.46 mm): Symbol R20 引脚 1 [1, 无源, 图线]
[lib_symbol_mismatch]: 符号 'R' 与来源库 'Device' 中的符号存在差异
    ; warning
    @(75.00 mm, 120.00 mm): 符号 R20 [R]
[endpoint_off_grid]: Symbol pin or wire end off connection grid
    ; warning
    @(82.38 mm, 116.19 mm): Symbol U17 引脚 1 [IN, 输入, 图线]
[endpoint_off_grid]: Symbol pin or wire end off connection grid
    ; warning
    @(110.00 mm, 91.19 mm): Symbol C30 引脚 1 [1, 无源, 图线]
[endpoint_off_grid]: Symbol pin or wire end off connection grid
    ; warning
    @(82.38 mm, 117.46 mm): Symbol #PWR?? 引脚 1 [电源输出, 图线]
[lib_symbol_mismatch]: 符号 '-6V' 与来源库 'power' 中的符号存在差异
    ; warning
    @(82.38 mm, 117.46 mm): 符号 #PWR?? [-6V]
[endpoint_off_grid]: Symbol pin or wire end off connection grid
    ; warning
    @(75.00 mm, 123.81 mm): 线, 长度 7.406 mm
[endpoint_off_grid]: Symbol pin or wire end off connection grid
    ; warning
    @(22.38 mm, 146.19 mm): Symbol U19 引脚 1 [IN, 输入, 图线]
[endpoint_off_grid]: Symbol pin or wire end off connection grid
    ; warning
    @(82.38 mm, 123.19 mm): 垂直线, 长度 4.46 mm
[endpoint_off_grid]: Symbol pin or wire end off connection grid
    ; warning
    @(50.00 mm, 141.19 mm): Symbol C35 引脚 1 [1, 无源, 图线]
[lib_symbol_issues]: 当前配置不包含符号库 'custom'
    ; warning
    @(90.00 mm, 120.00 mm): 符号 U17 [EL7156]
[lib_symbol_issues]: 当前配置不包含符号库 'custom'
    ; warning
    @(30.00 mm, 150.00 mm): 符号 U19 [EL7156]
[lib_symbol_mismatch]: 符号 'C' 与来源库 'Device' 中的符号存在差异
    ; warning
    @(50.00 mm, 145.00 mm): 符号 C35 [C]
[endpoint_off_grid]: Symbol pin or wire end off connection grid
    ; warning
    @(110.00 mm, 111.19 mm): Symbol C33 引脚 1 [1, 无源, 图线]
[lib_symbol_mismatch]: 符号 'C' 与来源库 'Device' 中的符号存在差异
    ; warning
    @(110.00 mm, 115.00 mm): 符号 C33 [C]
[endpoint_off_grid]: Symbol pin or wire end off connection grid
    ; warning
    @(50.00 mm, 151.19 mm): Symbol C36 引脚 1 [1, 无源, 图线]
[lib_symbol_mismatch]: 符号 'C' 与来源库 'Device' 中的符号存在差异
    ; warning
    @(50.00 mm, 155.00 mm): 符号 C36 [C]
[endpoint_off_grid]: Symbol pin or wire end off connection grid
    ; warning
    @(110.00 mm, 121.19 mm): Symbol C34 引脚 1 [1, 无源, 图线]
[lib_symbol_mismatch]: 符号 'C' 与来源库 'Device' 中的符号存在差异
    ; warning
    @(110.00 mm, 125.00 mm): 符号 C34 [C]
[endpoint_off_grid]: Symbol pin or wire end off connection grid
    ; warning
    @(82.38 mm, 146.19 mm): Symbol U20 引脚 1 [IN, 输入, 图线]
[lib_symbol_issues]: 当前配置不包含符号库 'custom'
    ; warning
    @(90.00 mm, 150.00 mm): 符号 U20 [EL7156]
[endpoint_off_grid]: Symbol pin or wire end off connection grid
    ; warning
    @(110.00 mm, 141.19 mm): Symbol C37 引脚 1 [1, 无源, 图线]
[lib_symbol_mismatch]: 符号 'C' 与来源库 'Device' 中的符号存在差异
    ; warning
    @(110.00 mm, 145.00 mm): 符号 C37 [C]
[endpoint_off_grid]: Symbol pin or wire end off connection grid
    ; warning
    @(110.00 mm, 151.19 mm): Symbol C38 引脚 1 [1, 无源, 图线]
[lib_symbol_mismatch]: 符号 'C' 与来源库 'Device' 中的符号存在差异
    ; warning
    @(110.00 mm, 155.00 mm): 符号 C38 [C]
[endpoint_off_grid]: Symbol pin or wire end off connection grid
    ; warning
    @(30.00 mm, 352.46 mm): Symbol R29 引脚 1 [1, 无源, 图线]
[lib_symbol_mismatch]: 符号 'R' 与来源库 'Device' 中的符号存在差异
    ; warning
    @(30.00 mm, 355.00 mm): 符号 R29 [R]
[endpoint_off_grid]: Symbol pin or wire end off connection grid
    ; warning
    @(180.00 mm, 327.46 mm): Symbol R28 引脚 1 [1, 无源, 图线]
[lib_symbol_mismatch]: 符号 'R' 与来源库 'Device' 中的符号存在差异
    ; warning
    @(180.00 mm, 330.00 mm): 符号 R28 [R]
[endpoint_off_grid]: Symbol pin or wire end off connection grid
    ; warning
    @(42.38 mm, 22.38 mm): Symbol U18 引脚 1 [1A, 输入, 图线]
[lib_symbol_issues]: 当前配置不包含符号库 'custom'
    ; warning
    @(50.00 mm, 30.00 mm): 符号 U18 [74HC04]
[endpoint_off_grid]: Symbol pin or wire end off connection grid
    ; warning
    @(65.00 mm, 22.46 mm): Symbol R21 引脚 1 [1, 无源, 图线]
[lib_symbol_mismatch]: 符号 'R' 与来源库 'Device' 中的符号存在差异
    ; warning
    @(65.00 mm, 25.00 mm): 符号 R21 [R]
[endpoint_off_grid]: Symbol pin or wire end off connection grid
    ; warning
    @(65.00 mm, 25.40 mm): 垂直线, 长度 3.41 mm
[unconnected_wire_endpoint]: 未连接的连线端点
    ; warning
    @(65.00 mm, 25.40 mm): 垂直线, 长度 3.41 mm
[endpoint_off_grid]: Symbol pin or wire end off connection grid
    ; warning
    @(65.00 mm, 34.46 mm): Symbol R22 引脚 1 [1, 无源, 图线]
[endpoint_off_grid]: Symbol pin or wire end off connection grid
    ; warning
    @(65.00 mm, 36.83 mm): 垂直线, 长度 3.98 mm
[lib_symbol_mismatch]: 符号 'R' 与来源库 'Device' 中的符号存在差异
    ; warning
    @(65.00 mm, 37.00 mm): 符号 R22 [R]
[unconnected_wire_endpoint]: 未连接的连线端点
    ; warning
    @(65.00 mm, 36.83 mm): 垂直线, 长度 3.98 mm
[endpoint_off_grid]: Symbol pin or wire end off connection grid
    ; warning
    @(65.00 mm, 46.46 mm): Symbol R23 引脚 1 [1, 无源, 图线]
[endpoint_off_grid]: Symbol pin or wire end off connection grid
    ; warning
    @(76.19 mm, 25.00 mm): 线, 长度 11.197 mm
[endpoint_off_grid]: Symbol pin or wire end off connection grid
    ; warning
    @(76.19 mm, 25.00 mm): Symbol C11 引脚 1 [1, 无源, 图线]
[lib_symbol_mismatch]: 符号 'R' 与来源库 'Device' 中的符号存在差异
    ; warning
    @(65.00 mm, 49.00 mm): 符号 R23 [R]
[endpoint_off_grid]: Symbol pin or wire end off connection grid
    ; warning
    @(65.00 mm, 49.53 mm): 垂直线, 长度 3.28 mm
[unconnected_wire_endpoint]: 未连接的连线端点
    ; warning
    @(65.00 mm, 49.53 mm): 垂直线, 长度 3.28 mm
[lib_symbol_mismatch]: 符号 'C' 与来源库 'Device' 中的符号存在差异
    ; warning
    @(80.00 mm, 25.00 mm): 符号 C11 [C]
[endpoint_off_grid]: Symbol pin or wire end off connection grid
    ; warning
    @(76.19 mm, 37.00 mm): 线, 长度 11.191 mm
[endpoint_off_grid]: Symbol pin or wire end off connection grid
    ; warning
    @(76.19 mm, 37.00 mm): Symbol C12 引脚 1 [1, 无源, 图线]
[endpoint_off_grid]: Symbol pin or wire end off connection grid
    ; warning
    @(65.00 mm, 58.46 mm): Symbol R24 引脚 1 [1, 无源, 图线]
[lib_symbol_mismatch]: 符号 'C' 与来源库 'Device' 中的符号存在差异
    ; warning
    @(80.00 mm, 37.00 mm): 符号 C12 [C]
[endpoint_off_grid]: Symbol pin or wire end off connection grid
    ; warning
    @(65.00 mm, 60.96 mm): 垂直线, 长度 3.85 mm
[lib_symbol_mismatch]: 符号 'R' 与来源库 'Device' 中的符号存在差异
    ; warning
    @(65.00 mm, 61.00 mm): 符号 R24 [R]
[endpoint_off_grid]: Symbol pin or wire end off connection grid
    ; warning
    @(76.19 mm, 49.00 mm): 线, 长度 11.203 mm
[endpoint_off_grid]: Symbol pin or wire end off connection grid
    ; warning
    @(76.19 mm, 49.00 mm): Symbol C13 引脚 1 [1, 无源, 图线]
[unconnected_wire_endpoint]: 未连接的连线端点
    ; warning
    @(65.00 mm, 60.96 mm): 垂直线, 长度 3.85 mm
[lib_symbol_mismatch]: 符号 'C' 与来源库 'Device' 中的符号存在差异
    ; warning
    @(80.00 mm, 49.00 mm): 符号 C13 [C]
[endpoint_off_grid]: Symbol pin or wire end off connection grid
    ; warning
    @(65.00 mm, 70.46 mm): Symbol R25 引脚 1 [1, 无源, 图线]
[endpoint_off_grid]: Symbol pin or wire end off connection grid
    ; warning
    @(65.00 mm, 72.39 mm): 垂直线, 长度 4.42 mm
[endpoint_off_grid]: Symbol pin or wire end off connection grid
    ; warning
    @(76.19 mm, 61.00 mm): 线, 长度 11.19 mm
[endpoint_off_grid]: Symbol pin or wire end off connection grid
    ; warning
    @(76.19 mm, 61.00 mm): Symbol C14 引脚 1 [1, 无源, 图线]
[lib_symbol_mismatch]: 符号 'R' 与来源库 'Device' 中的符号存在差异
    ; warning
    @(65.00 mm, 73.00 mm): 符号 R25 [R]
[lib_symbol_mismatch]: 符号 'C' 与来源库 'Device' 中的符号存在差异
    ; warning
    @(80.00 mm, 61.00 mm): 符号 C14 [C]
[unconnected_wire_endpoint]: 未连接的连线端点
    ; warning
    @(65.00 mm, 72.39 mm): 垂直线, 长度 4.42 mm
[endpoint_off_grid]: Symbol pin or wire end off connection grid
    ; warning
    @(30.00 mm, 97.46 mm): Symbol R27 引脚 1 [1, 无源, 图线]
[lib_symbol_mismatch]: 符号 'R' 与来源库 'Device' 中的符号存在差异
    ; warning
    @(30.00 mm, 100.00 mm): 符号 R27 [R]
[endpoint_off_grid]: Symbol pin or wire end off connection grid
    ; warning
    @(65.00 mm, 82.46 mm): Symbol R26 引脚 1 [1, 无源, 图线]
[endpoint_off_grid]: Symbol pin or wire end off connection grid
    ; warning
    @(76.19 mm, 73.00 mm): 线, 长度 11.207 mm
[endpoint_off_grid]: Symbol pin or wire end off connection grid
    ; warning
    @(76.19 mm, 73.00 mm): Symbol C15 引脚 1 [1, 无源, 图线]
[lib_symbol_mismatch]: 符号 'R' 与来源库 'Device' 中的符号存在差异
    ; warning
    @(65.00 mm, 85.00 mm): 符号 R26 [R]
[endpoint_off_grid]: Symbol pin or wire end off connection grid
    ; warning
    @(30.00 mm, 103.81 mm): Symbol #PWR?? 引脚 1 [电源输出, 图线]
[lib_symbol_mismatch]: 符号 '+4V' 与来源库 'power' 中的符号存在差异
    ; warning
    @(30.00 mm, 103.81 mm): 符号 #PWR?? [+4V]
[lib_symbol_mismatch]: 符号 'C' 与来源库 'Device' 中的符号存在差异
    ; warning
    @(80.00 mm, 73.00 mm): 符号 C15 [C]
[endpoint_off_grid]: Symbol pin or wire end off connection grid
    ; warning
    @(76.19 mm, 85.00 mm): Symbol C40 引脚 1 [1, 无源, 图线]
[endpoint_off_grid]: Symbol pin or wire end off connection grid
    ; warning
    @(76.19 mm, 85.00 mm): 线, 长度 18.81 mm
[endpoint_off_grid]: Symbol pin or wire end off connection grid
    ; warning
    @(60.00 mm, 97.46 mm): Symbol R36 引脚 1 [1, 无源, 图线]
[lib_symbol_mismatch]: 符号 'R' 与来源库 'Device' 中的符号存在差异
    ; warning
    @(60.00 mm, 100.00 mm): 符号 R36 [R]
[lib_symbol_mismatch]: 符号 'C' 与来源库 'Device' 中的符号存在差异
    ; warning
    @(80.00 mm, 85.00 mm): 符号 C40 [C]
[unconnected_wire_endpoint]: 未连接的连线端点
    ; warning
    @(76.20 mm, 103.81 mm): 水平线, 长度 16.20 mm
[endpoint_off_grid]: Symbol pin or wire end off connection grid
    ; warning
    @(22.38 mm, 118.73 mm): Symbol Q12 引脚 1 [G, 输入, 图线]
[lib_symbol_issues]: 当前配置不包含符号库 'custom'
    ; warning
    @(30.00 mm, 120.00 mm): 符号 Q12 [AO3408]
[endpoint_off_grid]: Symbol pin or wire end off connection grid
    ; warning
    @(76.20 mm, 103.81 mm): 水平线, 长度 16.20 mm
[endpoint_off_grid]: Symbol pin or wire end off connection grid
    ; warning
    @(52.38 mm, 118.73 mm): Symbol Q13 引脚 1 [G, 输入, 图线]
[lib_symbol_issues]: 当前配置不包含符号库 'custom'
    ; warning
    @(60.00 mm, 120.00 mm): 符号 Q13 [AO3408]
[endpoint_off_grid]: Symbol pin or wire end off connection grid
    ; warning
    @(90.00 mm, 117.46 mm): Symbol TH1 引脚 1 [1, 无源, 图线]
[lib_symbol_issues]: 在符号库中 'NTC' 找不到符号 'Device'
    ; warning
    @(90.00 mm, 120.00 mm): 符号 TH1 [NTC]
[endpoint_off_grid]: Symbol pin or wire end off connection grid
    ; warning
    @(120.00 mm, 51.19 mm): Symbol C10 引脚 1 [1, 无源, 图线]
[lib_symbol_mismatch]: 符号 'C' 与来源库 'Device' 中的符号存在差异
    ; warning
    @(120.00 mm, 55.00 mm): 符号 C10 [C]
[endpoint_off_grid]: Symbol pin or wire end off connection grid
    ; warning
    @(120.00 mm, 76.19 mm): Symbol #PWR?? 引脚 1 [电源输出, 图线]
[endpoint_off_grid]: Symbol pin or wire end off connection grid
    ; warning
    @(120.00 mm, 76.19 mm): Symbol C16 引脚 1 [1, 无源, 图线]
[lib_symbol_mismatch]: 符号 '+15V' 与来源库 'power' 中的符号存在差异
    ; warning
    @(120.00 mm, 76.19 mm): 符号 #PWR?? [+15V]
[lib_symbol_mismatch]: 符号 'C' 与来源库 'Device' 中的符号存在差异
    ; warning
    @(120.00 mm, 80.00 mm): 符号 C16 [C]
[endpoint_off_grid]: Symbol pin or wire end off connection grid
    ; warning
    @(150.00 mm, 76.19 mm): Symbol #PWR?? 引脚 1 [电源输出, 图线]
[endpoint_off_grid]: Symbol pin or wire end off connection grid
    ; warning
    @(150.00 mm, 76.19 mm): Symbol C17 引脚 1 [1, 无源, 图线]
[lib_symbol_issues]: 在符号库中 '+2V' 找不到符号 'power'
    ; warning
    @(150.00 mm, 76.19 mm): 符号 #PWR?? [+2V]
[lib_symbol_mismatch]: 符号 'C' 与来源库 'Device' 中的符号存在差异
    ; warning
    @(150.00 mm, 80.00 mm): 符号 C17 [C]
[endpoint_off_grid]: Symbol pin or wire end off connection grid
    ; warning
    @(180.00 mm, 76.19 mm): Symbol #PWR?? 引脚 1 [电源输出, 图线]
[endpoint_off_grid]: Symbol pin or wire end off connection grid
    ; warning
    @(180.00 mm, 76.19 mm): Symbol C18 引脚 1 [1, 无源, 图线]
[lib_symbol_issues]: 在符号库中 '+13V' 找不到符号 'power'
    ; warning
    @(180.00 mm, 76.19 mm): 符号 #PWR?? [+13V]
[lib_symbol_mismatch]: 符号 'C' 与来源库 'Device' 中的符号存在差异
    ; warning
    @(180.00 mm, 80.00 mm): 符号 C18 [C]
[endpoint_off_grid]: Symbol pin or wire end off connection grid
    ; warning
    @(142.38 mm, 143.17 mm): Symbol CCD1 引脚 1 [VSUB, 无源, 图线]
[endpoint_off_grid]: Symbol pin or wire end off connection grid
    ; warning
    @(142.38 mm, 145.71 mm): 水平线, 长度 15.24 mm
[endpoint_off_grid]: Symbol pin or wire end off connection grid
    ; warning
    @(142.38 mm, 154.60 mm): 水平线, 长度 15.24 mm
[endpoint_off_grid]: Symbol pin or wire end off connection grid
    ; warning
    @(142.38 mm, 157.14 mm): 水平线, 长度 15.24 mm
[endpoint_off_grid]: Symbol pin or wire end off connection grid
    ; warning
    @(142.38 mm, 158.41 mm): Symbol #PWR?? 引脚 1 [电源输出, 图线]
[lib_symbol_mismatch]: 符号 '+12V' 与来源库 'power' 中的符号存在差异
    ; warning
    @(142.38 mm, 158.41 mm): 符号 #PWR?? [+12V]
[endpoint_off_grid]: Symbol pin or wire end off connection grid
    ; warning
    @(142.38 mm, 159.68 mm): 水平线, 长度 15.24 mm
[endpoint_off_grid]: Symbol pin or wire end off connection grid
    ; warning
    @(142.38 mm, 160.95 mm): 水平线, 长度 15.24 mm
[endpoint_off_grid]: Symbol pin or wire end off connection grid
    ; warning
    @(142.38 mm, 162.22 mm): Symbol #PWR?? 引脚 1 [电源输出, 图线]
[lib_symbol_mismatch]: 符号 '+9V' 与来源库 'power' 中的符号存在差异
    ; warning
    @(142.38 mm, 162.22 mm): 符号 #PWR?? [+9V]
[endpoint_off_grid]: Symbol pin or wire end off connection grid
    ; warning
    @(142.38 mm, 163.49 mm): 水平线, 长度 15.24 mm
[endpoint_off_grid]: Symbol pin or wire end off connection grid
    ; warning
    @(142.38 mm, 164.76 mm): 水平线, 长度 15.24 mm
[endpoint_off_grid]: Symbol pin or wire end off connection grid
    ; warning
    @(142.38 mm, 169.84 mm): 水平线, 长度 15.24 mm
[footprint_link_issues]: 在库 'Socket' 中找不到封装 'DIP_Socket-60_W7.62mm'
    ; warning
    @(150.00 mm, 180.00 mm): 符号 CCD1 [CERDIP-60]
[lib_symbol_issues]: 当前配置不包含符号库 'custom'
    ; warning
    @(150.00 mm, 180.00 mm): 符号 CCD1 [CERDIP-60]
[endpoint_off_grid]: Symbol pin or wire end off connection grid
    ; warning
    @(30.00 mm, 276.19 mm): Symbol #PWR?? 引脚 1 [电源输出, 图线]
[lib_symbol_issues]: 在符号库中 '-4V' 找不到符号 'power'
    ; warning
    @(30.00 mm, 276.19 mm): 符号 #PWR?? [-4V]
[endpoint_off_grid]: Symbol pin or wire end off connection grid
    ; warning
    @(30.00 mm, 277.46 mm): Symbol R11 引脚 1 [1, 无源, 图线]
[lib_symbol_mismatch]: 符号 'R' 与来源库 'Device' 中的符号存在差异
    ; warning
    @(30.00 mm, 280.00 mm): 符号 R11 [R]
[endpoint_off_grid]: Symbol pin or wire end off connection grid
    ; warning
    @(60.00 mm, 277.46 mm): Symbol R12 引脚 1 [1, 无源, 图线]
[lib_symbol_mismatch]: 符号 'R' 与来源库 'Device' 中的符号存在差异
    ; warning
    @(60.00 mm, 280.00 mm): 符号 R12 [R]

***** Sheet /Power Supply/
[pin_not_driven]: Input pin not driven by any Output pins
    ; error
    @(32.38 mm, 27.46 mm): Symbol U1 引脚 1 [EN, 输入, 图线]
[power_pin_not_driven]: Input Power pin not driven by any Output Power pins
    ; error
    @(32.38 mm, 28.73 mm): Symbol U1 引脚 2 [GND, 电源输入, 图线]
[power_pin_not_driven]: Input Power pin not driven by any Output Power pins
    ; error
    @(47.62 mm, 30.00 mm): Symbol U1 引脚 6 [VIN, 电源输入, 图线]
[pin_to_pin]: 类型为 电源输出 和 电源输出 的引脚已连接
    ; error
    @(47.62 mm, 63.73 mm): Symbol U2 引脚 5 [VOUT, 电源输出, 图线]
    @(32.38 mm, 330.00 mm): Symbol U21 引脚 3 [VOUT, 电源输出, 图线]
[power_pin_not_driven]: Input Power pin not driven by any Output Power pins
    ; error
    @(32.38 mm, 178.73 mm): Symbol U5 引脚 2 [GND, 电源输入, 图线]
[pin_not_connected]: Pin not connected
    ; error
    @(60.00 mm, 172.46 mm): Symbol R1 引脚 1 [1, 无源, 图线]
[pin_not_connected]: Pin not connected
    ; error
    @(47.62 mm, 180.00 mm): Symbol U5 引脚 5 [FB, 输入, 图线]
[pin_not_connected]: Pin not connected
    ; error
    @(60.00 mm, 177.54 mm): Symbol R1 引脚 2 [2, 无源, 图线]
[pin_not_connected]: Pin not connected
    ; error
    @(60.00 mm, 182.46 mm): Symbol R2 引脚 1 [1, 无源, 图线]
[pin_not_connected]: Pin not connected
    ; error
    @(60.00 mm, 187.54 mm): Symbol R2 引脚 2 [2, 无源, 图线]
[pin_not_connected]: Pin not connected
    ; error
    @(60.00 mm, 202.46 mm): Symbol R3 引脚 1 [1, 无源, 图线]
[pin_not_connected]: Pin not connected
    ; error
    @(47.62 mm, 210.00 mm): Symbol U6 引脚 5 [FB, 输入, 图线]
[pin_not_connected]: Pin not connected
    ; error
    @(60.00 mm, 207.54 mm): Symbol R3 引脚 2 [2, 无源, 图线]
[pin_not_connected]: Pin not connected
    ; error
    @(60.00 mm, 212.46 mm): Symbol R4 引脚 1 [1, 无源, 图线]
[pin_not_connected]: Pin not connected
    ; error
    @(60.00 mm, 217.54 mm): Symbol R4 引脚 2 [2, 无源, 图线]
[pin_not_connected]: Pin not connected
    ; error
    @(60.00 mm, 232.46 mm): Symbol R5 引脚 1 [1, 无源, 图线]
[power_pin_not_driven]: Input Power pin not driven by any Output Power pins
    ; error
    @(32.38 mm, 238.73 mm): Symbol U7 引脚 2 [GND, 电源输入, 图线]
[pin_not_connected]: Pin not connected
    ; error
    @(47.62 mm, 240.00 mm): Symbol U7 引脚 5 [FB, 输入, 图线]
[pin_not_connected]: Pin not connected
    ; error
    @(60.00 mm, 237.54 mm): Symbol R5 引脚 2 [2, 无源, 图线]
[pin_not_connected]: Pin not connected
    ; error
    @(60.00 mm, 242.46 mm): Symbol R6 引脚 1 [1, 无源, 图线]
[pin_not_connected]: Pin not connected
    ; error
    @(60.00 mm, 247.54 mm): Symbol R6 引脚 2 [2, 无源, 图线]
[pin_not_connected]: Pin not connected
    ; error
    @(60.00 mm, 262.46 mm): Symbol R7 引脚 1 [1, 无源, 图线]
[pin_not_connected]: Pin not connected
    ; error
    @(47.62 mm, 270.00 mm): Symbol U8 引脚 5 [FB, 输入, 图线]
[pin_not_connected]: Pin not connected
    ; error
    @(60.00 mm, 267.54 mm): Symbol R7 引脚 2 [2, 无源, 图线]
[pin_not_connected]: Pin not connected
    ; error
    @(60.00 mm, 272.46 mm): Symbol R8 引脚 1 [1, 无源, 图线]
[pin_not_connected]: Pin not connected
    ; error
    @(60.00 mm, 277.54 mm): Symbol R8 引脚 2 [2, 无源, 图线]
[pin_not_connected]: Pin not connected
    ; error
    @(60.00 mm, 292.46 mm): Symbol R9 引脚 1 [1, 无源, 图线]
[pin_not_connected]: Pin not connected
    ; error
    @(60.00 mm, 297.54 mm): Symbol R9 引脚 2 [2, 无源, 图线]
[pin_not_connected]: Pin not connected
    ; error
    @(47.62 mm, 300.00 mm): Symbol U9 引脚 5 [FB, 输入, 图线]
[pin_not_connected]: Pin not connected
    ; error
    @(60.00 mm, 302.46 mm): Symbol R10 引脚 1 [1, 无源, 图线]
[pin_not_connected]: Pin not connected
    ; error
    @(60.00 mm, 307.54 mm): Symbol R10 引脚 2 [2, 无源, 图线]
[pin_not_connected]: Pin not connected
    ; error
    @(60.00 mm, 322.46 mm): Symbol R37 引脚 1 [1, 无源, 图线]
[pin_not_connected]: Pin not connected
    ; error
    @(60.00 mm, 327.54 mm): Symbol R37 引脚 2 [2, 无源, 图线]
[pin_not_connected]: Pin not connected
    ; error
    @(47.62 mm, 330.00 mm): Symbol U21 引脚 5 [FB, 输入, 图线]
[pin_not_connected]: Pin not connected
    ; error
    @(60.00 mm, 332.46 mm): Symbol R38 引脚 1 [1, 无源, 图线]
[pin_not_connected]: Pin not connected
    ; error
    @(60.00 mm, 337.54 mm): Symbol R38 引脚 2 [2, 无源, 图线]
[multiple_net_names]: -6V 和 -9V 都连接到同一项上; 将使用 -6V 作为网表中的网络名称
    ; warning
    @(32.38 mm, 330.00 mm): 全局标签 '-6V'
    @(20.00 mm, 61.19 mm): 全局标签 '-9V'

***** Sheet /Clock Drivers/
[pin_not_connected]: Pin not connected
    ; error
    @(15.00 mm, 27.46 mm): Symbol R13 引脚 1 [1, 无源, 图线]
[pin_not_connected]: Pin not connected
    ; error
    @(15.00 mm, 32.54 mm): Symbol R13 引脚 2 [2, 无源, 图线]
[pin_not_connected]: Pin not connected
    ; error
    @(22.38 mm, 28.73 mm): Symbol U10 引脚 3 [OUT, 输出, 图线]
[pin_to_pin]: 类型为 电源输出 和 电源输出 的引脚已连接
    ; error
    @(50.00 mm, 21.19 mm): Symbol #PWR?? 引脚 1 [电源输出, 图线]
    @(32.38 mm, 270.00 mm): Symbol U8 引脚 3 [VOUT, 电源输出, 图线]
[pin_to_pin]: 类型为 电源输出 和 电源输出 的引脚已连接
    ; error
    @(50.00 mm, 31.19 mm): Symbol #PWR?? 引脚 1 [电源输出, 图线]
    @(82.38 mm, 117.46 mm): Symbol #PWR?? 引脚 1 [电源输出, 图线]
[pin_not_connected]: Pin not connected
    ; error
    @(15.00 mm, 57.46 mm): Symbol R15 引脚 1 [1, 无源, 图线]
[pin_not_connected]: Pin not connected
    ; error
    @(22.38 mm, 58.73 mm): Symbol U12 引脚 3 [OUT, 输出, 图线]
[pin_not_connected]: Pin not connected
    ; error
    @(15.00 mm, 62.54 mm): Symbol R15 引脚 2 [2, 无源, 图线]
[pin_not_connected]: Pin not connected
    ; error
    @(75.00 mm, 27.46 mm): Symbol R14 引脚 1 [1, 无源, 图线]
[pin_not_connected]: Pin not connected
    ; error
    @(75.00 mm, 32.54 mm): Symbol R14 引脚 2 [2, 无源, 图线]
[pin_not_connected]: Pin not connected
    ; error
    @(82.38 mm, 28.73 mm): Symbol U11 引脚 3 [OUT, 输出, 图线]
[pin_not_connected]: Pin not connected
    ; error
    @(15.00 mm, 87.46 mm): Symbol R17 引脚 1 [1, 无源, 图线]
[pin_not_connected]: Pin not connected
    ; error
    @(22.38 mm, 88.73 mm): Symbol U14 引脚 3 [OUT, 输出, 图线]
[pin_not_connected]: Pin not connected
    ; error
    @(15.00 mm, 92.54 mm): Symbol R17 引脚 2 [2, 无源, 图线]
[pin_not_connected]: Pin not connected
    ; error
    @(75.00 mm, 57.46 mm): Symbol R16 引脚 1 [1, 无源, 图线]
[pin_not_connected]: Pin not connected
    ; error
    @(75.00 mm, 62.54 mm): Symbol R16 引脚 2 [2, 无源, 图线]
[pin_not_connected]: Pin not connected
    ; error
    @(82.38 mm, 58.73 mm): Symbol U13 引脚 3 [OUT, 输出, 图线]
[pin_not_connected]: Pin not connected
    ; error
    @(75.00 mm, 87.46 mm): Symbol R18 引脚 1 [1, 无源, 图线]
[pin_not_connected]: Pin not connected
    ; error
    @(15.00 mm, 117.46 mm): Symbol R19 引脚 1 [1, 无源, 图线]
[pin_not_connected]: Pin not connected
    ; error
    @(75.00 mm, 92.54 mm): Symbol R18 引脚 2 [2, 无源, 图线]
[pin_not_connected]: Pin not connected
    ; error
    @(22.38 mm, 118.73 mm): Symbol U16 引脚 3 [OUT, 输出, 图线]
[pin_not_connected]: Pin not connected
    ; error
    @(82.38 mm, 88.73 mm): Symbol U15 引脚 3 [OUT, 输出, 图线]
[pin_to_pin]: 类型为 电源输出 和 电源输出 的引脚已连接
    ; error
    @(110.00 mm, 51.19 mm): Symbol #PWR?? 引脚 1 [电源输出, 图线]
    @(32.38 mm, 240.00 mm): Symbol U7 引脚 3 [VOUT, 电源输出, 图线]
[pin_not_connected]: Pin not connected
    ; error
    @(15.00 mm, 122.54 mm): Symbol R19 引脚 2 [2, 无源, 图线]
[pin_to_pin]: 类型为 电源输出 和 电源输出 的引脚已连接
    ; error
    @(110.00 mm, 61.19 mm): Symbol #PWR?? 引脚 1 [电源输出, 图线]
    @(47.62 mm, 98.73 mm): Symbol U3 引脚 5 [VOUT, 电源输出, 图线]
[pin_to_pin]: 类型为 电源输出 和 电源输出 的引脚已连接
    ; error
    @(110.00 mm, 81.19 mm): Symbol #PWR?? 引脚 1 [电源输出, 图线]
    @(47.62 mm, 133.73 mm): Symbol U4 引脚 5 [VOUT, 电源输出, 图线]
[pin_not_connected]: Pin not connected
    ; error
    @(75.00 mm, 117.46 mm): Symbol R20 引脚 1 [1, 无源, 图线]
[pin_to_pin]: 类型为 电源输出 和 电源输出 的引脚已连接
    ; error
    @(82.38 mm, 117.46 mm): Symbol #PWR?? 引脚 1 [电源输出, 图线]
    @(32.38 mm, 330.00 mm): Symbol U21 引脚 3 [VOUT, 电源输出, 图线]
[pin_not_connected]: Pin not connected
    ; error
    @(75.00 mm, 122.54 mm): Symbol R20 引脚 2 [2, 无源, 图线]
[pin_not_connected]: Pin not connected
    ; error
    @(82.38 mm, 118.73 mm): Symbol U17 引脚 3 [OUT, 输出, 图线]
[pin_to_pin]: 类型为 输出 和 输出 的引脚已连接
    ; error
    @(22.38 mm, 148.73 mm): Symbol U19 引脚 3 [OUT, 输出, 图线]
    @(82.38 mm, 148.73 mm): Symbol U20 引脚 3 [OUT, 输出, 图线]
[pin_not_connected]: Pin not connected
    ; error
    @(30.00 mm, 352.46 mm): Symbol R29 引脚 1 [1, 无源, 图线]
[pin_not_connected]: Pin not connected
    ; error
    @(30.00 mm, 357.54 mm): Symbol R29 引脚 2 [2, 无源, 图线]
[pin_not_connected]: Pin not connected
    ; error
    @(180.00 mm, 327.46 mm): Symbol R28 引脚 1 [1, 无源, 图线]
[pin_not_connected]: Pin not connected
    ; error
    @(180.00 mm, 332.54 mm): Symbol R28 引脚 2 [2, 无源, 图线]

***** Sheet /Control/
[power_pin_not_driven]: Input Power pin not driven by any Output Power pins
    ; error
    @(57.62 mm, 30.00 mm): Symbol U18 引脚 14 [VCC, 电源输入, 图线]
[pin_not_connected]: Pin not connected
    ; error
    @(65.00 mm, 22.46 mm): Symbol R21 引脚 1 [1, 无源, 图线]
[pin_not_connected]: Pin not connected
    ; error
    @(65.00 mm, 27.54 mm): Symbol R21 引脚 2 [2, 无源, 图线]
[pin_not_connected]: Pin not connected
    ; error
    @(65.00 mm, 34.46 mm): Symbol R22 引脚 1 [1, 无源, 图线]
[pin_not_connected]: Pin not connected
    ; error
    @(65.00 mm, 39.54 mm): Symbol R22 引脚 2 [2, 无源, 图线]
[pin_not_connected]: Pin not connected
    ; error
    @(65.00 mm, 46.46 mm): Symbol R23 引脚 1 [1, 无源, 图线]
[pin_not_connected]: Pin not connected
    ; error
    @(76.19 mm, 25.00 mm): Symbol C11 引脚 1 [1, 无源, 图线]
[pin_not_connected]: Pin not connected
    ; error
    @(65.00 mm, 51.54 mm): Symbol R23 引脚 2 [2, 无源, 图线]
[pin_not_connected]: Pin not connected
    ; error
    @(76.19 mm, 37.00 mm): Symbol C12 引脚 1 [1, 无源, 图线]
[pin_not_connected]: Pin not connected
    ; error
    @(65.00 mm, 58.46 mm): Symbol R24 引脚 1 [1, 无源, 图线]
[pin_not_connected]: Pin not connected
    ; error
    @(76.19 mm, 49.00 mm): Symbol C13 引脚 1 [1, 无源, 图线]
[pin_not_connected]: Pin not connected
    ; error
    @(65.00 mm, 63.54 mm): Symbol R24 引脚 2 [2, 无源, 图线]
[pin_not_connected]: Pin not connected
    ; error
    @(65.00 mm, 70.46 mm): Symbol R25 引脚 1 [1, 无源, 图线]
[pin_not_connected]: Pin not connected
    ; error
    @(76.19 mm, 61.00 mm): Symbol C14 引脚 1 [1, 无源, 图线]
[pin_not_connected]: Pin not connected
    ; error
    @(65.00 mm, 75.54 mm): Symbol R25 引脚 2 [2, 无源, 图线]
[pin_not_connected]: Pin not connected
    ; error
    @(30.00 mm, 97.46 mm): Symbol R27 引脚 1 [1, 无源, 图线]
[pin_not_connected]: Pin not connected
    ; error
    @(65.00 mm, 82.46 mm): Symbol R26 引脚 1 [1, 无源, 图线]
[pin_not_connected]: Pin not connected
    ; error
    @(76.19 mm, 73.00 mm): Symbol C15 引脚 1 [1, 无源, 图线]
[pin_not_connected]: Pin not connected
    ; error
    @(30.00 mm, 102.54 mm): Symbol R27 引脚 2 [2, 无源, 图线]
[pin_to_pin]: 类型为 电源输出 和 电源输出 的引脚已连接
    ; error
    @(30.00 mm, 103.81 mm): Symbol #PWR?? 引脚 1 [电源输出, 图线]
    @(32.38 mm, 240.00 mm): Symbol U7 引脚 3 [VOUT, 电源输出, 图线]
[pin_not_connected]: Pin not connected
    ; error
    @(65.00 mm, 87.54 mm): Symbol R26 引脚 2 [2, 无源, 图线]
[pin_not_connected]: Pin not connected
    ; error
    @(76.19 mm, 85.00 mm): Symbol C40 引脚 1 [1, 无源, 图线]
[pin_not_connected]: Pin not connected
    ; error
    @(60.00 mm, 97.46 mm): Symbol R36 引脚 1 [1, 无源, 图线]
[pin_not_connected]: Pin not connected
    ; error
    @(60.00 mm, 102.54 mm): Symbol R36 引脚 2 [2, 无源, 图线]
[pin_not_connected]: Pin not connected
    ; error
    @(90.00 mm, 117.46 mm): Symbol TH1 引脚 1 [1, 无源, 图线]
[pin_not_connected]: Pin not connected
    ; error
    @(90.00 mm, 122.54 mm): Symbol TH1 引脚 2 [2, 无源, 图线]

***** Sheet /CCD Sensor/
[pin_to_pin]: 类型为 电源输出 和 电源输出 的引脚已连接
    ; error
    @(120.00 mm, 76.19 mm): Symbol #PWR?? 引脚 1 [电源输出, 图线]
    @(47.62 mm, 28.73 mm): Symbol U1 引脚 5 [VOUT, 电源输出, 图线]
[pin_to_pin]: 类型为 电源输出 和 电源输出 的引脚已连接
    ; error
    @(150.00 mm, 76.19 mm): Symbol #PWR?? 引脚 1 [电源输出, 图线]
    @(32.38 mm, 300.00 mm): Symbol U9 引脚 3 [VOUT, 电源输出, 图线]
[pin_to_pin]: 类型为 电源输出 和 电源输出 的引脚已连接
    ; error
    @(180.00 mm, 76.19 mm): Symbol #PWR?? 引脚 1 [电源输出, 图线]
    @(32.38 mm, 180.00 mm): Symbol U5 引脚 3 [VOUT, 电源输出, 图线]
[pin_to_pin]: 类型为 电源输出 和 电源输出 的引脚已连接
    ; error
    @(142.38 mm, 158.41 mm): Symbol #PWR?? 引脚 1 [电源输出, 图线]
    @(47.62 mm, 133.73 mm): Symbol U4 引脚 5 [VOUT, 电源输出, 图线]
[pin_to_pin]: 类型为 电源输出 和 电源输出 的引脚已连接
    ; error
    @(142.38 mm, 162.22 mm): Symbol #PWR?? 引脚 1 [电源输出, 图线]
    @(32.38 mm, 210.00 mm): Symbol U6 引脚 3 [VOUT, 电源输出, 图线]
[pin_to_pin]: 类型为 电源输出 和 电源输出 的引脚已连接
    ; error
    @(30.00 mm, 276.19 mm): Symbol #PWR?? 引脚 1 [电源输出, 图线]
    @(47.62 mm, 98.73 mm): Symbol U3 引脚 5 [VOUT, 电源输出, 图线]
[pin_not_connected]: Pin not connected
    ; error
    @(30.00 mm, 277.46 mm): Symbol R11 引脚 1 [1, 无源, 图线]
[pin_not_connected]: Pin not connected
    ; error
    @(60.00 mm, 277.46 mm): Symbol R12 引脚 1 [1, 无源, 图线]
[pin_not_connected]: Pin not connected
    ; error
    @(30.00 mm, 282.54 mm): Symbol R11 引脚 2 [2, 无源, 图线]
[pin_not_connected]: Pin not connected
    ; error
    @(60.00 mm, 282.54 mm): Symbol R12 引脚 2 [2, 无源, 图线]

 ** ERC messages: 533  Errors 192  Warnings 341

 ** Ignored checks:
    - Global label only appears once in the schematic
    - Four connection points are joined together
    - SPICE model issue
    - Assigned footprint doesn't match footprint filters
